2026-08-06T14:56:47.399Z run: start phase=refine
2026-08-06T14:56:47.415Z phase:refine: start
2026-08-06T14:56:56.376Z phase:refine: done ms=8961
2026-08-06T14:57:01.393Z phase:research: start
2026-08-06T14:57:02.690Z orientation: pre-supplied 3 core files
2026-08-06T14:57:02.691Z phase:research: worker deadline = no-progress, ceiling 1200000ms
2026-08-06T14:57:02.696Z worker:files: start
2026-08-06T14:57:06.756Z worker:files: done exit=0 wait=1283ms work=2775ms attempts=1 total=4059ms
2026-08-06T14:57:06.758Z worker:apis: start
2026-08-06T14:57:16.308Z worker:apis: ZERO grounding-retrieval on a non-empty section — every symbol is unverified memory; re-running once with a forced retrieval-first pass
2026-08-06T14:57:28.765Z worker:apis: retry grounded (1 retrieval calls) — replacing the memory-written section
2026-08-06T14:57:28.766Z worker:apis: done exit=0 wait=1399ms work=11058ms attempts=1 total=12457ms
2026-08-06T14:57:28.769Z worker:context: start
2026-08-06T14:57:37.333Z worker:context: done exit=0 wait=1288ms work=7276ms attempts=1 total=8564ms
2026-08-06T14:57:37.339Z worker:tooling: start
2026-08-06T14:57:46.479Z worker:tooling: done exit=0 wait=1380ms work=7760ms attempts=1 total=9140ms
2026-08-06T14:57:51.263Z phase:research: done ms=49870
2026-08-06T14:57:51.264Z phase:grill: start
2026-08-06T14:57:58.641Z phase:grill: done ms=7376
2026-08-06T14:57:58.644Z phase:compose: start
2026-08-06T14:58:08.612Z phase:compose: done ms=9968
2026-08-06T14:58:08.614Z phase:critique: start
2026-08-06T14:58:55.817Z phase:critique: done ms=47203
